
A. Rover on the test plate: stop before the wall
PASS A.rover-built — a rover of 9 bricks, runs on the test plate, drive pair with 1 reversed motor
  shot A1-world-before-stage.png
PASS A.stage-open — stage on the testPlate: 14/14 studio bricks hidden, props ["wall"]
PASS A.beam-sees-wall — before Run the front sensor reads 12 studs to the wall (hit true)
  shot A2-stage-open-world-hidden-wall-beam.png
PASS A.driving — 1.5 s after Run: 3.33 studs/s, sensor 8.05 studs
  shot A3-rover-driving.png
PASS A.stops-before-wall — braked at 2.99 studs (t=2.92 s), rests 2.47 studs from the wall, speed 0
PASS A.distance-shrinks — sensor every 0.25 s: 12 → 11.67 → 11 → 10.22 → 9.41 → 8.58 → 7.74 → 6.91 → 6.08 → 5.24 → 4.41 → 3.58 → 2.78 → 2.49 → 2.47 → 2.47 → 2.47
PASS A.real-time — program time 4.01 s over 4.01 s of wall time since Run (stalls dropped since the stage opened: 0.000 s)
  shot A4-rover-stopped-before-wall.png
PASS A.reset — Reset rebuilds the stage at the built pose (every body at x = z = 0), program stopped
  shot A5-rover-reset.png
PASS A.document-unchanged — the document is identical after open, run, reset and close

B. Gate in my world: someone walks up, the door opens
PASS B.gate-built — a gate with one arm, runs in myWorld
PASS B.stage-open — stage in my world: the studio hides the gate's 11 bricks and keeps 4 scenery bricks; props ["visitor"]
PASS B.nothing-seen-yet — before anyone walks up: sensor 40 studs, arm at 0°
  shot B1-gate-my-world-waiting.png
PASS B.door-opens — visitor at 3 studs; arm at 90°
PASS B.about-hinge-only — door rotation x=0.0000 z=0.0000 (pure turn about the vertical hinge axis)
  shot B2-gate-visitor-door-open.png
  shot B3-gate-visitor-door-open-orbit.png
PASS B.reset-zero — Reset: arm at 0°
PASS B.document-unchanged — the document is identical after the gate run

C. Signal post in my world: the light turns red
PASS C.light-red — light red with the visitor 3 studs away
  shot C1-signal-post-red.png
PASS console-clean — no console errors

18/18 checks passed
