
A. Build: the rover from loose parts, a seat on its hub, named Mars buggy
PASS A.rover-with-seat — “Mars buggy”, a rover of 10 bricks with seat brick-1790152758979-ekh971, drive pair true, motors plugged [true,true] (assisted wiring)
  shot A1-build-rover-with-seat.png

B. Explore: walk up to the seat with the keyboard
PASS B.explore-ready — Explore open, the character spawned at {"x":0,"y":0.385,"z":5}; candidate [{"name":"Mars buggy","status":"rideable","program":{"source":"starter","name":"Joystick drive"}}]
  shot B1-explore-start.png
PASS B.walked-up-with-keys — walked 4.6 studs with W held; the seat is near (nearestId creation-muduqcim-xhys1)
PASS B.prompt — prompt: “Mars buggyDrives with a new Joystick drive program (not saved)Press E to ride Mars buggyRide”
  shot B2-prompt-press-e-to-ride.png

C. Ride: E, then drive with W and turn with ←
PASS C.riding — riding creation-muduqcim-xhys1; the controller runs “Joystick drive” (starter, compiled on the fly, not saved)
PASS C.seated — the character sits on the seat: 0.000 units from the seat centre on the ground, 0.390 above the pan
PASS C.mirrored — 3/3 controller bodies mirrored as kinematic bodies in the Explore world; the studio hides the creation's 10 bricks (of 14); chassis {"x":0,"y":0.035,"z":0.007} ↔ mirror {"x":0,"y":0.035,"z":0.007}
PASS C.prompt — prompt: “Riding Mars buggyA new Joystick drive program (not saved) reads WASD / arrowsPress E to hop offHop off”
  shot C1-riding-seated.png
PASS C.still-without-keys — with no key held the rover moved 0.000 studs in 0.7 s
  shot C2-driving-forward.png
PASS C.drove-forward — W held 1.1 s: the rover drove 10.4 studs (10.4 along its forward, -Z), heading change 0.1°
PASS C.rider-carried — while driving, the character stayed on the seat (0.093 units from it: one physics step at speed)
PASS C.turned — ← held 1.0 s: the rover turned 75° (positive = left) and its chassis moved 1.71 studs
  shot C3-turned-left.png

D. Hop off: E, then walk into the rover
PASS D.hopped-off — hopped off: walking again, the rover parked and braked (stopped), still live where it stopped
PASS D.beside-on-ground — the character stands 0.75 studs from the rover's footprint, on the plate (capsule centre y 0.385), overlapping none of its colliders
PASS D.can-ride-again — beside it the prompt offers the ride again: “Mars buggyDrives with a new Joystick drive program (not saved)Press E to ride Mars buggyRide”
  shot D1-hopped-off-beside.png
PASS D.ride-button — the Ride button starts a ride; W then drove 3.6 studs (focus on DIV, not the button)
PASS D.hop-off-button — the Hop off button puts the character down 0.75 studs from the rover
  shot D2-walked-into-rover-blocked.png
PASS D.solid — W held 2.2 s toward the rover: the character closed from 4.18 to 1.45 units of its centre and stopped (moved 0.002 over the last 0.4 s), never overlapping its colliders; the rover did not move (0.0000)

E. Back to building: the construction is exactly as before
PASS E.document-unchanged — document snapshot identical after the ride (2222 characters, sorted keys)
PASS E.history-unchanged — undo 18 → 18, redo 0 → 0
PASS E.ride-layer-gone — the ride layer and prompt unmounted with Explore
  shot E1-build-after-explore-authored-pose.png
PASS E.explore-again-authored — Explore again: nothing live ([]); every creation is its static, authored self
  shot E2-explore-again-authored-pose.png
PASS E.document-still-unchanged — still identical after a second visit
PASS console-clean — no console errors

24/24 checks passed
