
F1. A wheel left off its axle
PASS F1.build.selected-line — with the wheel still selected, the selected-part line reads "Wheel · Not on an axle · the nearest axle end is 1 stud away"
PASS F1.build.wheel-row — the panel's row for the wheel (red): "Wheel · Not on an axle · the nearest axle end is 1 stud away"
PASS F1.build.motor-row — the left motor's row: "Left motor · axle in it, no wheel · port A"
PASS F1.build.ready-line — the creation's line: "·1 wheel not on an axle · 1 motor with a wheel"
PASS F1.build.no-drive-pair — the drive line is gone: ["✓8 bricks attached · 1 hub, 2 motors, 2 wheels, 2 axles, 1 distance sensor","·1 wheel not on an axle · 1 motor with a wheel"]
  shot F1a-build-wheel-not-on-axle.png
PASS F1.reload — after a save and cold reload the wheel is still off: "Wheel · Not on an axle · the nearest axle end is 1 stud away"
PASS F1.code.space-default — the intact rover opened on the testPlate; with the wheel off it reopens on testPlate (no drive pair, so it is no longer a rover)
PASS F1.code.drive-block — "drive forward" is marked: "Choose two drive motors first · Left motor has no wheel on its axle"
PASS F1.code.drive-block-names-cause — the drive block's message names the cause (the wheel): "Choose two drive motors first · Left motor has no wheel on its axle"
PASS F1.code.run-blocked — Run: "Can’t run yet: Choose two drive motors first · Left motor has no wheel on its axle"
  shot F1b-code-drive-block-no-pair.png
PASS F1.code.block — dragged under "when run": "run Left motor · A at 40 %"
  shot F1c-code-motor-turns-rover-still.png
PASS F1.run.motor-turns — the left motor's output turned 541.4° at 39.9 % speed
PASS F1.run.chip — the stage's chip: Left motor 40 % (speed 40 % · 581°)
PASS F1.run.rover-still — the rover stayed where it was: moved 0.000 studs, turned -0.03°
  shot F1c-code-left-side-view.png
PASS F1.run.output-closeups — two close-ups of the left motor's output (socket at 1090, 506 on screen), taken at 1586° and 1665°
PASS F1.world.wheel-stays — in My world the loose wheel stays where it was built (the studio's own copy, not simulated) while the axle beside it turns 389.2°
  shot F1d-my-world-axle-turns-wheel-still.png
PASS F1.repair — nudged back on: "Wheel · on an axle in Left motor"; ·Drive: Left motor + Right motor · Right motor reversed

F2. One motor mounted backwards: two raw motor blocks at 40 %
PASS F2.build.drive-line — the panel's drive line: "·Drive: Left motor + Right motor · Right motor reversed"
PASS F2.build.motor-rows — rows: "Left motor · axle and wheel on it · port A · runs forward" / "Right motor · axle and wheel on it · port B · runs backward (reversed)"
PASS F2.build.inspector — clicking the right motor, the inspector says "Motor · wheel on its axle · runs backward (reversed)"
  shot F2a-build-drive-pair-right-reversed.png
PASS F2.code.program — the student's program: when run → run Left motor · A at 40 % → run Right motor · B at 40 % (dropdown offered Left motor · A, Right motor · B)
PASS F2.code.no-warnings — no block has a warning: the program is valid, only the build is wrong
  shot F2b-code-raw-blocks-rover-turns.png
PASS F2.run.turns — it spun 87° on the spot instead of driving straight: it turned about a point 0.17 studs from midway between its wheels, forward speed averaged 0.07 st/s (chip "Speed 0.1 st/s")
PASS F2.run.opposite-speeds — forward speeds as the creation feels them: left 27.5 %, right -25.8 % (both commanded +40)
PASS F2.run.chip — the stage's Motors chip: 40 · −40 % (speed 29 · −26 % · Right motor is mounted reversed), tone bad
PASS F2.edit-while-running — typed −40 while it spun: saved (revision 6), the stage says "Changed · press Run to use it" and the run keeps spinning (-111° → -127°)
  shot F2c-changed-while-running.png
PASS F2.repair — Reset, Run: with "run Right motor at −40 %" it drives straight: yaw -0.0°, 4.1 studs in 1.3 s, chip 40 · 40 %
  shot F2d-repaired-right-at-minus-40.png
PASS F2.helper-goes-straight — "drive forward at 40 %" sends 40 and -40 (the pair knows the right motor is reversed): straight, yaw -0.0°, chip 40 · 40 %

F5. A motor unplugged
PASS F5.build.document — the left motor has no cable in the document (B, C still used)
PASS F5.build.inspector — inspector: Unplugged · No power · block "run Left motor ▾ at 40 %Not plugged in" · "Nothing turns until a cable reaches a port."
PASS F5.build.loose-end — the scene draws a loose cable end with a red plug on the left motor and no cable to the hub
PASS F5.build.row — the panel's row: "Left motor · axle and wheel on it · Not plugged in · runs forward"
PASS F5.build.toast — the studio says: "Left motor is unplugged. Blocks that use it show “Not plugged in”."
  shot F5a-build-left-motor-unplugged.png
PASS F5.reload — after a save and cold reload the left motor is still unplugged (B, C used)
PASS F5.code.raw-block — "run Left motor · not plugged in …": warning "Left motor is not plugged in", amber outline
PASS F5.code.other-block-clean — "run Right motor · B …" has no warning
PASS F5.code.problems — problems: Heads upLeft motor is not plugged in
PASS F5.code.chip — the stage's Motors chip before Run: Left motor not plugged in
  shot F5b-code-block-not-plugged-in.png
  shot F5c-run-left-does-nothing-right-runs.png
PASS F5.run.left-does-nothing — the left motor ignores "run … at 40 %": power 0 %, and it only coasts at 5.9 % as the rover drags its wheel round
PASS F5.run.right-runs — the right motor still runs: power -40 %, speed -25.1 %
PASS F5.run.creation-moves-one-side — driven by one side only, the rover swung 26° about its dead wheel
PASS F5.run.chip-shows-other — while it runs the Motors chip: Left motor not plugged in (Right motor speed 25 %)
PASS F5.code.helper-block — "drive forward at 40 %" also says: "Left motor is not plugged in"
PASS F5.repair — "Plug into port A": Port A, no loose ends

F3. The sensor pointed sideways
PASS F3.build.row — the panel's row says which way it faces: "Left sensor · faces left · port C"
PASS F3.build.inspector — from the hub's list (Port C: Left sensor. Select Left sensor), the inspector says "Distance sensor · faces left"
  shot F3a-build-sensor-faces-sideways.png
PASS F3.reload — after a save and cold reload: "Left sensor · faces left · port C"
PASS F3.code.starter — Code opens "Stop before the wall" on the testPlate; the sensor block reads "Left sensor · C"
  shot F3b-code-beam-sideways-driving.png
PASS F3.run.never-sees — in 6 s the sensor never saw anything: its chip only ever read "nothing seen"
PASS F3.run.beam-sideways — the beam the stage draws runs sideways: 40 studs across, -0.07 studs forward, on screen from (1178, 474) to (879, 360)
PASS F3.run.never-stops — it never braked: it drove 12.0 studs to a wall that was 12.0 studs ahead and sits against it, still commanding 40 % (speed 0 st/s)
PASS F3.run.waiting — at the wall the glowing block is still "wait until Left sensor · C sees something closer than 3 studs" (robo_wait_until)
  shot F3c-code-at-the-wall-nothing-seen.png
PASS F3.repair.faces-forward — turned with R: rotation 0 at 33,26; the row reads "Front sensor · faces forward · port C"
PASS F3.repair.stops — the same program, now reading "Front sensor · C", stops 2.48 studs before the wall
  shot F3d-repaired-stops-before-wall.png

F4. The arm built into the frame
PASS F4.build.ready-line — the creation's line: "·Arm motor's arm is built into the frame, so it can't swing"
PASS F4.build.hinge-row — the hinge motor's row (red): "Arm motor · arm built into the frame, so it can't swing · port A"
PASS F4.build.inspector — the arm motor's inspector: "Hinge motor · arm built into the frame"
  shot F4a-build-arm-built-into-frame.png
PASS F4.reload — after a save and cold reload: "·Arm motor's arm is built into the frame, so it can't swing"
PASS F4.code.opens — Code opens "Smart gate" in myWorld
PASS F4.code.chip-before-run — before Run the arm chip already says: 0° (built into the frame · can’t swing)
  shot F4b-code-contact-highlighted-arm-stuck.png
PASS F4.run.arm-stuck — the visitor walked into the beam, "turn Arm motor to 90°" ran, and the arm stayed at 0.00° (door yaw 0.00°)
PASS F4.run.chip — the arm chip: 0° (built into the frame · can’t swing), red
PASS F4.run.contact — the stage highlights the contact: door ↔ bridge2
PASS F4.run.block-says — the "turn … to 90°" block's warning: "Arm motor's arm is built into the frame, so it can't swing" (outline robo-diag-warning); problems: Heads upArm motor's arm is built into the frame, so it can't swing
PASS F4.repair.line — with the two bricks deleted: "·Fixed side on the frame, moving side on the arm · zero is as built"
PASS F4.repair.swings — the door now swings to 90.0°

F2d. The right motor mounted the other way round (outboard, socket facing in)
PASS F2d.build.same-name — named from the way its socket faces, the outboard motor is also "Left motor" until renamed: "Left motor · axle and wheel on it · port B · runs forward"
PASS F2d.build.no-reversed — renamed and plugged in: "·Drive: Left motor + Right motor"; rows "Left motor · axle and wheel on it · port A · runs forward" / "Right motor · axle and wheel on it · port B · runs forward"
  shot F2e-build-same-way-no-reversed.png
PASS F2d.run.straight — run Left motor · A at 40 % → run Right motor · B at 40 %: it drives straight, 4.58 studs in 1.5 s, yaw -1.0°, chip 40 · 40 % (speed 34 · 33 %)
  shot F2f-code-same-way-raw-blocks-straight.png
PASS console-clean — no console errors

70/70 checks passed
